// Jest Snapshot v1, https://goo.gl/fbAQLP

exports[`Tag delete event test 1`] = `
<div>
  <span
    class="ofa-tag test-ref"
  >
    Tag delete function Test
    <span
      class="ofa-tag-delete-icon"
    >
      <svg
        class="ofa-svg-icon "
        data-name="close"
        style="width: 15px; height: 15px;"
      >
        <use
          xlink:href="undefined#close"
        />
      </svg>
    </span>
  </span>
</div>
`;

exports[`Tag props test 1`] = `
<div>
  <span
    class="ofa-tag test-component ofa-tag--primary"
    style="background-color: blue; width: 10%; height: 30px;"
  >
    Tag normal props test
  </span>
</div>
`;
